C51 COMPILER V9.59.0.0   KEY_BOARD                                                         03/25/2019 19:58:12 PAGE 1   


C51 COMPILER V9.59.0.0, COMPILATION OF MODULE KEY_BOARD
OBJECT MODULE PLACED IN .\Objects\key_board.obj
COMPILER INVOKED BY: E:\Programs\keil9\C51\BIN\C51.EXE key_board.c OPTIMIZE(8,SPEED) BROWSE DEBUG OBJECTEXTEND PRINT(.\L
                    -istings\key_board.lst) TABS(2) OBJECT(.\Objects\key_board.obj)

line level    source

   1          #include"key_board.h"
   2          #include"C:\Users\CreaQi\OneDrive\文档\课程\单片机\uVision_Project\led显示字符\led_display.h"
   3          
   4          char get_key(){
   5   1        char row,col,ret=-1;
   6   1        //使用P0-KEY_PIN输出0
   7   1        KEY_PIN=0xf0;
   8   1        if(KEY_PIN!=0xf0){
   9   2        //消除抖动
  10   2        key_shake_eliminate();
  11   2        //确实有键按下了
  12   2        if(KEY_PIN!=0xF0){
  13   3          //行用做输入，列作为输出
  14   3          KEY_PIN=0xf0;
  15   3          if(L1==0) col = 1;
  16   3          else if(L2==0) col = 2;
  17   3          else if(L3==0) col = 3;
  18   3          //列作为输入，行输出
  19   3          KEY_PIN = 0x0f;
  20   3          if(R1==0) row =0;
  21   3          else if(R2==0) row =1;
  22   3          else if(R3==0) row =2;
  23   3          else if(R4==0) row = 3; 
  24   3          
  25   3          ret = row*3+col;
  26   3          if(ret==11) return '0';
  27   3          else if(ret==10) return -2;
  28   3          else if(ret==12) return -3;
  29   3          else
  30   3          return ret+'0';
  31   3          //根据ret得到数字对应的字符串
  32   3          /*switch(ret){      
  33   3            case 1:
  34   3              return '1';
  35   3            break;
  36   3            
  37   3            case 2:
  38   3              return '2';
  39   3            break;
  40   3            
  41   3            case 3:
  42   3              return '3';
  43   3            break;
  44   3            
  45   3            case 4:
  46   3              return '4';
  47   3            break;
  48   3            
  49   3            case 5:
  50   3              return '5';
  51   3            break;
  52   3            
  53   3            case 6:
  54   3              return '6';
C51 COMPILER V9.59.0.0   KEY_BOARD                                                         03/25/2019 19:58:12 PAGE 2   

  55   3            break;
  56   3            
  57   3            case 7:
  58   3              return '7';
  59   3            break;
  60   3            
  61   3            case 8:
  62   3              return '8';
  63   3            break;
  64   3            
  65   3            case 9:
  66   3              return '9';
  67   3            break;
  68   3      
  69   3            case 10:
  70   3              return -2;
  71   3            break;
  72   3            
  73   3            case 11:
  74   3              return '0';
  75   3            break;
  76   3            
  77   3            case 12:
  78   3              return -3;
  79   3            break;
  80   3            deflaut:
  81   3            return -1;
  82   3          }
  83   3        }*/
  84   3      }
  85   2        //return -1;
  86   2        
  87   2        
  88   2      }return -1;
  89   1        }
  90          
  91          void key_shake_eliminate(){
  92   1        int tmp = 930*3;
  93   1        while(tmp--){
  94   2          //if(tmp%2==)
  95   2          led_display_scan();
  96   2        }
  97   1      }
  98          
  99          /*void delay(int t){
 100            while(--t);
 101          }*/


MODULE INFORMATION:   STATIC OVERLAYABLE
   CODE SIZE        =    164    ----
   CONSTANT SIZE    =   ----    ----
   XDATA SIZE       =   ----    ----
   PDATA SIZE       =   ----    ----
   DATA SIZE        =   ----       5
   IDATA SIZE       =   ----    ----
   BIT SIZE         =   ----    ----
END OF MODULE INFORMATION.


C51 COMPILATION COMPLETE.  0 WARNING(S),  0 ERROR(S)
