C51 COMPILER V9.59.0.0   LED_DISPLAY                                                       03/21/2019 22:28:49 PAGE 1   


C51 COMPILER V9.59.0.0, COMPILATION OF MODULE LED_DISPLAY
OBJECT MODULE PLACED IN .\Objects\led_display.obj
COMPILER INVOKED BY: E:\Programs\keil9\C51\BIN\C51.EXE ..\led显示字符\led_display.c OPTIMIZE(8,SPEED) BROWSE DEBUG OBJEC
                    -TEXTEND PRINT(.\Listings\led_display.lst) TABS(2) OBJECT(.\Objects\led_display.obj)

line level    source

   1          /****************************************Copyright (c)****************************************************
   2          **--------------File Info---------------------------------------------------------------------------------
   3          ** File name:              led_display.c
   4          ** Latest modified Date:    2019-03-14
   5          ** Latest Version:          
   6          ** Descriptions:            数码管显示，可配置引脚
   7          **--------------------------------------------------------------------------------------------------------
   8          ** Created by:              张桂荧
   9          ** Created date:            2019-03-14
  10          ** Version:                 
  11          ** Descriptions:            宏定义与引脚配置，头文件相关
  12          **--------------------------------------------------------------------------------------------------------
  13          *********************************************************************************************************/
  14          
  15          
  16          #include "led_display.h"
  17          
  18          
  19          
  20          //显示字库
  21          static code unsigned char show_table[][2]={
  22            {'0',0x3f},{'1',0x06},{'2',0x5b},{'3',0x4f},{'4',0x66},{'5',0x6d},
  23            {'6',0x7d},{'7',0x07},{'8',0x7f},{'9',0x6f},{'A',0x77},{'B',0x7c},
  24            {'C',0x39},{'D',0x5e},{'E',0x79},{'F',0x71},{'H',0X76},{'L',0x38},
  25            {'Z',0x5b},{'Y',0X6E},{'S',0x6d},{0x00,0x00}
  26            };
  27          
  28          
  29          unsigned char led_show_buf[6];
  30          
  31          
  32          void led_close_all(){
  33   1        LED_DIG1_OFF();
  34   1        LED_DIG2_OFF();
  35   1        LED_DIG3_OFF();
  36   1        LED_DIG4_OFF();
  37   1        LED_DIG5_OFF();
  38   1        LED_DIG6_OFF();
  39   1      }
  40          
  41          
  42          /*********************************************************************************************************
  43          ** Function name:           led_display_puts
  44          ** Descriptions:            LED数码管字符输入
  45          ** input parameters:        char *str
  46          ** output parameters:       none
  47          ** Returned value:          成功:0
  48                                      失败:-1
  49          *********************************************************************************************************/
  50          char led_display_puts(char* str){
  51   1        char i,j;
  52   1        
  53   1        //if(str==0) return -1;
  54   1        for(i = 0 ;i<6; i++){ 
C51 COMPILER V9.59.0.0   LED_DISPLAY                                                       03/21/2019 22:28:49 PAGE 2   

  55   2          if(*str=='.') {
  56   3            i--;
  57   3            led_show_buf[i]|=0x80;
  58   3              
  59   3          }
  60   2          else{
  61   3          for(j=0;show_table[j][0]!=0x00;j++){
  62   4            if((char)show_table[j][0]==*str){
  63   5              led_show_buf[i]=show_table[j][1];
  64   5              break;        
  65   5            }
  66   4          } 
  67   3        }
  68   2          str++;    
  69   2        }
  70   1        return 0;
  71   1      }
  72          
  73          /*********************************************************************************************************
  74          ** Function name:           led_display_scan
  75          ** Descriptions:            LED数码管扫描
  76          ** input parameters:        none
  77          ** output parameters:       none
  78          ** Returned value:          none
  79          *********************************************************************************************************/
             -  
  80          void led_display_scan(){
  81   1        static unsigned char index = 0;
  82   1        led_close_all();
  83   1        LED_SEG_DATA(~led_show_buf[index]);
  84   1        switch(index){
  85   2          case 0:
  86   2            LED_DIG1_ON();
  87   2          break;
  88   2          
  89   2          case 1:
  90   2            LED_DIG2_ON();
  91   2          break;
  92   2          
  93   2          case 2:
  94   2            LED_DIG3_ON();
  95   2          break;
  96   2          
  97   2          case 3:
  98   2            LED_DIG4_ON();
  99   2          break;
 100   2          
 101   2          case 4:
 102   2            LED_DIG5_ON();
 103   2          break;
 104   2          
 105   2          case 5:
 106   2            LED_DIG6_ON();
 107   2          break;
 108   2        }
 109   1        index++;
 110   1        index%=6;
 111   1        
 112   1      }
 113          
 114          
 115          /*********************************************************************************************************
C51 COMPILER V9.59.0.0   LED_DISPLAY                                                       03/21/2019 22:28:49 PAGE 3   

 116          ** Function name:           delay
 117          ** Descriptions:            软件延时
 118          ** input parameters:        none
 119          ** output parameters:       none
 120          ** Returned value:          none
 121          *********************************************************************************************************/
             -  
 122          void delay(unsigned int num){
 123   1        while(num--);
 124   1      }
 125          
 126          /*********************************************************************************************************
 127          ** Function name:           led_display_clear
 128          ** Descriptions:            LED数码管清0
 129          ** input parameters:        none
 130          ** output parameters:       none
 131          ** Returned value:          成功:0
 132                                      失败：未定义
 133          *********************************************************************************************************/
             -  
 134          char led_display_clear(){
 135   1        memset(led_show_buf,0,6);
 136   1        return 0;
 137   1      }
 138          
 139          /*********************************************************************************************************
 140            END FILE
 141          *********************************************************************************************************/


MODULE INFORMATION:   STATIC OVERLAYABLE
   CODE SIZE        =    262    ----
   CONSTANT SIZE    =     44    ----
   XDATA SIZE       =   ----    ----
   PDATA SIZE       =   ----    ----
   DATA SIZE        =      7    ----
   IDATA SIZE       =   ----    ----
   BIT SIZE         =   ----    ----
END OF MODULE INFORMATION.


C51 COMPILATION COMPLETE.  0 WARNING(S),  0 ERROR(S)
