C51 COMPILER V9.59.0.0   TIME_CLOCK_TEST                                                   03/25/2019 19:54:11 PAGE 1   


C51 COMPILER V9.59.0.0, COMPILATION OF MODULE TIME_CLOCK_TEST
OBJECT MODULE PLACED IN .\Objects\time_clock_test.obj
COMPILER INVOKED BY: E:\Programs\keil9\C51\BIN\C51.EXE time_clock_test.c OPTIMIZE(8,SPEED) BROWSE DEBUG OBJECTEXTEND PRI
                    -NT(.\Listings\time_clock_test.lst) TABS(2) OBJECT(.\Objects\time_clock_test.obj)

line level    source

   1          /****************************************Copyright (c)****************************************************
   2          **--------------File Info---------------------------------------------------------------------------------
   3          ** File name:              time_clock.c
   4          ** Latest modified Date:    2019-03-21
   5          ** Latest Version:          
   6          ** Descriptions:            数码管显示时间测试
   7          **--------------------------------------------------------------------------------------------------------
   8          ** Created by:              张桂荧
   9          ** Created date:            2019-03-21
  10          ** Version:                 
  11          ** Descriptions:            数码管显示时间测试
  12          **--------------------------------------------------------------------------------------------------------
  13          *********************************************************************************************************/
  14          int key_count=0;
  15          #include"time_clock.h"
  16          
  17          
  18          int main(){
  19   1        char key[7],temp_key;
  20   1        int _h,_m,_s;
  21   1        display_time(20,59,55);   
  22   1        while(1){
  23   2          key[key_count]=get_key();
*** WARNING C206 IN LINE 23 OF time_clock_test.c: 'get_key': missing function-prototype
  24   2          key_shake_eliminate();
*** WARNING C206 IN LINE 24 OF time_clock_test.c: 'key_shake_eliminate': missing function-prototype
  25   2          if(key[key_count]!=-1){
  26   3            key_count++;
  27   3            temp_key=get_key();
  28   3            key_shake_eliminate();
  29   3            if(key_count==6) break;
  30   3            key_count%=6;
  31   3          }       
  32   2          led_display_puts(key);
  33   2          led_display_scan();
  34   2        }
  35   1        _h=(key[0]-'0')*10+key[1]-'0';
  36   1        _m=(key[2]-'0')*10+key[3]-'0';
  37   1        _s=(key[4]-'0')*10+key[5]-'0';
  38   1        display_time(_h,_m,_s);
  39   1        
  40   1      }
  41          /*********************************************************************************************************
  42            END FILE
  43          *********************************************************************************************************/
*** WARNING C290 IN LINE 40 OF time_clock_test.c: missing return value


MODULE INFORMATION:   STATIC OVERLAYABLE
   CODE SIZE        =    207    ----
   CONSTANT SIZE    =   ----    ----
   XDATA SIZE       =   ----    ----
   PDATA SIZE       =   ----    ----
   DATA SIZE        =      2      10
C51 COMPILER V9.59.0.0   TIME_CLOCK_TEST                                                   03/25/2019 19:54:11 PAGE 2   

   IDATA SIZE       =   ----    ----
   BIT SIZE         =   ----    ----
END OF MODULE INFORMATION.


C51 COMPILATION COMPLETE.  3 WARNING(S),  0 ERROR(S)
